PHPUnit 11.5.49 by Sebastian Bergmann and contributors.

Runtime:       PHP 8.2.29
Configuration: C:\Users\Utilisateur\MyHospitsis\phpunit.xml

E    E                                                                  2 / 2 (100%)  

Time: 00:01.487, Memory: 48.00 MB

There were 2 errors:

1) Tests\Feature\UserFilteringTest::test_users_are_filtered_by_technical_pole
Illuminate\Database\QueryException: SQLSTATE[HY000]: General error: 1 near "MODIFY": syntax error (Connection: sqlite, Database: :memory:, SQL: ALTER TABLE appointments MODIFY COLUMN status ENUM('scheduled', 'confirmed', 'cancelled', 'completed', 'prepared', 'pending_payment', 'paid', 'released', 'pending') DEFAULT 'scheduled')

C:\Users\Utilisateur\MyHospitsis\vendor\laravel\framework\src\Illuminate\Database\Connection.php:838
C:\Users\Utilisateur\MyHospitsis\vendor\laravel\framework\src\Illuminate\Database\Connection.php:794
C:\Users\Utilisateur\MyHospitsis\vendor\laravel\framework\src\Illuminate\Database\Connection.php:573
C:\Users\Utilisateur\MyHospitsis\vendor\laravel\framework\src\Illuminate\Database\DatabaseManager.php:491
C:\Users\Utilisateur\MyHospitsis\vendor\laravel\framework\src\Illuminate\Support\Facades\Facade.php:363
C:\Users\Utilisateur\MyHospitsis\database\migrations\2026_01_22_000002_add_pending_to_appointments_status_enum.php:16
C:\Users\Utilisateur\MyHospitsis\vendor\laravel\framework\src\Illuminate\Database\Migrations\Migrator.php:517
C:\Users\Utilisateur\MyHospitsis\vendor\laravel\framework\src\Illuminate\Database\Migrations\Migrator.php:442
C:\Users\Utilisateur\MyHospitsis\vendor\laravel\framework\src\Illuminate\Database\Migrations\Migrator.php:451
C:\Users\Utilisateur\MyHospitsis\vendor\laravel\framework\src\Illuminate\Database\Migrations\Migrator.php:253
C:\Users\Utilisateur\MyHospitsis\vendor\laravel\framework\src\Illuminate\Console\View\Components\Task.php:41
C:\Users\Utilisateur\MyHospitsis\vendor\laravel\framework\src\Illuminate\Database\Migrations\Migrator.php:812
C:\Users\Utilisateur\MyHospitsis\vendor\laravel\framework\src\Illuminate\Database\Migrations\Migrator.php:253
C:\Users\Utilisateur\MyHospitsis\vendor\laravel\framework\src\Illuminate\Database\Migrations\Migrator.php:211
C:\Users\Utilisateur\MyHospitsis\vendor\laravel\framework\src\Illuminate\Database\Migrations\Migrator.php:138
C:\Users\Utilisateur\MyHospitsis\vendor\laravel\framework\src\Illuminate\Database\Console\Migrations\MigrateCommand.php:116
C:\Users\Utilisateur\MyHospitsis\vendor\laravel\framework\src\Illuminate\Database\Migrations\Migrator.php:669
C:\Users\Utilisateur\MyHospitsis\vendor\laravel\framework\src\Illuminate\Database\Console\Migrations\MigrateCommand.php:109
C:\Users\Utilisateur\MyHospitsis\vendor\laravel\framework\src\Illuminate\Database\Console\Migrations\MigrateCommand.php:88
C:\Users\Utilisateur\MyHospitsis\vendor\laravel\framework\src\Illuminate\Container\BoundMethod.php:36
C:\Users\Utilisateur\MyHospitsis\vendor\laravel\framework\src\Illuminate\Container\Util.php:43
C:\Users\Utilisateur\MyHospitsis\vendor\laravel\framework\src\Illuminate\Container\BoundMethod.php:96
C:\Users\Utilisateur\MyHospitsis\vendor\laravel\framework\src\Illuminate\Container\BoundMethod.php:35
C:\Users\Utilisateur\MyHospitsis\vendor\laravel\framework\src\Illuminate\Container\Container.php:799
C:\Users\Utilisateur\MyHospitsis\vendor\laravel\framework\src\Illuminate\Console\Command.php:211
C:\Users\Utilisateur\MyHospitsis\vendor\symfony\console\Command\Command.php:341
C:\Users\Utilisateur\MyHospitsis\vendor\laravel\framework\src\Illuminate\Console\Command.php:180
C:\Users\Utilisateur\MyHospitsis\vendor\laravel\framework\src\Illuminate\Console\Concerns\CallsCommands.php:68
C:\Users\Utilisateur\MyHospitsis\vendor\laravel\framework\src\Illuminate\Console\Concerns\CallsCommands.php:29
C:\Users\Utilisateur\MyHospitsis\vendor\laravel\framework\src\Illuminate\Database\Console\Migrations\FreshCommand.php:81
C:\Users\Utilisateur\MyHospitsis\vendor\laravel\framework\src\Illuminate\Container\BoundMethod.php:36
C:\Users\Utilisateur\MyHospitsis\vendor\laravel\framework\src\Illuminate\Container\Util.php:43
C:\Users\Utilisateur\MyHospitsis\vendor\laravel\framework\src\Illuminate\Container\BoundMethod.php:96
C:\Users\Utilisateur\MyHospitsis\vendor\laravel\framework\src\Illuminate\Container\BoundMethod.php:35
C:\Users\Utilisateur\MyHospitsis\vendor\laravel\framework\src\Illuminate\Container\Container.php:799
C:\Users\Utilisateur\MyHospitsis\vendor\laravel\framework\src\Illuminate\Console\Command.php:211
C:\Users\Utilisateur\MyHospitsis\vendor\symfony\console\Command\Command.php:341
C:\Users\Utilisateur\MyHospitsis\vendor\laravel\framework\src\Illuminate\Console\Command.php:180
C:\Users\Utilisateur\MyHospitsis\vendor\symfony\console\Application.php:1079
C:\Users\Utilisateur\MyHospitsis\vendor\symfony\console\Application.php:356
C:\Users\Utilisateur\MyHospitsis\vendor\symfony\console\Application.php:195
C:\Users\Utilisateur\MyHospitsis\vendor\laravel\framework\src\Illuminate\Console\Application.php:165
C:\Users\Utilisateur\MyHospitsis\vendor\laravel\framework\src\Illuminate\Foundation\Console\Kernel.php:447
C:\Users\Utilisateur\MyHospitsis\vendor\laravel\framework\src\Illuminate\Testing\PendingCommand.php:451
C:\Users\Utilisateur\MyHospitsis\vendor\laravel\framework\src\Illuminate\Testing\PendingCommand.php:675
C:\Users\Utilisateur\MyHospitsis\vendor\laravel\framework\src\Illuminate\Foundation\Testing\Concerns\InteractsWithConsole.php:87
C:\Users\Utilisateur\MyHospitsis\vendor\laravel\framework\src\Illuminate\Foundation\Testing\RefreshDatabase.php:119
C:\Users\Utilisateur\MyHospitsis\vendor\laravel\framework\src\Illuminate\Foundation\Testing\RefreshDatabase.php:84
C:\Users\Utilisateur\MyHospitsis\vendor\laravel\framework\src\Illuminate\Foundation\Testing\RefreshDatabase.php:25
C:\Users\Utilisateur\MyHospitsis\vendor\laravel\framework\src\Illuminate\Foundation\Testing\Concerns\InteractsWithTestCaseLifecycle.php:217
C:\Users\Utilisateur\MyHospitsis\vendor\laravel\framework\src\Illuminate\Foundation\Testing\Concerns\InteractsWithTestCaseLifecycle.php:101
C:\Users\Utilisateur\MyHospitsis\vendor\laravel\framework\src\Illuminate\Foundation\Testing\TestCase.php:63
C:\Users\Utilisateur\MyHospitsis\tests\Feature\UserFilteringTest.php:20

Caused by
PDOException: SQLSTATE[HY000]: General error: 1 near "MODIFY": syntax error

C:\Users\Utilisateur\MyHospitsis\vendor\laravel\framework\src\Illuminate\Database\Connection.php:578
C:\Users\Utilisateur\MyHospitsis\vendor\laravel\framework\src\Illuminate\Database\Connection.php:827
C:\Users\Utilisateur\MyHospitsis\vendor\laravel\framework\src\Illuminate\Database\Connection.php:794
C:\Users\Utilisateur\MyHospitsis\vendor\laravel\framework\src\Illuminate\Database\Connection.php:573
C:\Users\Utilisateur\MyHospitsis\vendor\laravel\framework\src\Illuminate\Database\DatabaseManager.php:491
C:\Users\Utilisateur\MyHospitsis\vendor\laravel\framework\src\Illuminate\Support\Facades\Facade.php:363
C:\Users\Utilisateur\MyHospitsis\database\migrations\2026_01_22_000002_add_pending_to_appointments_status_enum.php:16
C:\Users\Utilisateur\MyHospitsis\vendor\laravel\framework\src\Illuminate\Database\Migrations\Migrator.php:517
C:\Users\Utilisateur\MyHospitsis\vendor\laravel\framework\src\Illuminate\Database\Migrations\Migrator.php:442
C:\Users\Utilisateur\MyHospitsis\vendor\laravel\framework\src\Illuminate\Database\Migrations\Migrator.php:451
C:\Users\Utilisateur\MyHospitsis\vendor\laravel\framework\src\Illuminate\Database\Migrations\Migrator.php:253
C:\Users\Utilisateur\MyHospitsis\vendor\laravel\framework\src\Illuminate\Console\View\Components\Task.php:41
C:\Users\Utilisateur\MyHospitsis\vendor\laravel\framework\src\Illuminate\Database\Migrations\Migrator.php:812
C:\Users\Utilisateur\MyHospitsis\vendor\laravel\framework\src\Illuminate\Database\Migrations\Migrator.php:253
C:\Users\Utilisateur\MyHospitsis\vendor\laravel\framework\src\Illuminate\Database\Migrations\Migrator.php:211
C:\Users\Utilisateur\MyHospitsis\vendor\laravel\framework\src\Illuminate\Database\Migrations\Migrator.php:138
C:\Users\Utilisateur\MyHospitsis\vendor\laravel\framework\src\Illuminate\Database\Console\Migrations\MigrateCommand.php:116
C:\Users\Utilisateur\MyHospitsis\vendor\laravel\framework\src\Illuminate\Database\Migrations\Migrator.php:669
C:\Users\Utilisateur\MyHospitsis\vendor\laravel\framework\src\Illuminate\Database\Console\Migrations\MigrateCommand.php:109
C:\Users\Utilisateur\MyHospitsis\vendor\laravel\framework\src\Illuminate\Database\Console\Migrations\MigrateCommand.php:88
C:\Users\Utilisateur\MyHospitsis\vendor\laravel\framework\src\Illuminate\Container\BoundMethod.php:36
C:\Users\Utilisateur\MyHospitsis\vendor\laravel\framework\src\Illuminate\Container\Util.php:43
C:\Users\Utilisateur\MyHospitsis\vendor\laravel\framework\src\Illuminate\Container\BoundMethod.php:96
C:\Users\Utilisateur\MyHospitsis\vendor\laravel\framework\src\Illuminate\Container\BoundMethod.php:35
C:\Users\Utilisateur\MyHospitsis\vendor\laravel\framework\src\Illuminate\Container\Container.php:799
C:\Users\Utilisateur\MyHospitsis\vendor\laravel\framework\src\Illuminate\Console\Command.php:211
C:\Users\Utilisateur\MyHospitsis\vendor\symfony\console\Command\Command.php:341
C:\Users\Utilisateur\MyHospitsis\vendor\laravel\framework\src\Illuminate\Console\Command.php:180
C:\Users\Utilisateur\MyHospitsis\vendor\laravel\framework\src\Illuminate\Console\Concerns\CallsCommands.php:68
C:\Users\Utilisateur\MyHospitsis\vendor\laravel\framework\src\Illuminate\Console\Concerns\CallsCommands.php:29
C:\Users\Utilisateur\MyHospitsis\vendor\laravel\framework\src\Illuminate\Database\Console\Migrations\FreshCommand.php:81
C:\Users\Utilisateur\MyHospitsis\vendor\laravel\framework\src\Illuminate\Container\BoundMethod.php:36
C:\Users\Utilisateur\MyHospitsis\vendor\laravel\framework\src\Illuminate\Container\Util.php:43
C:\Users\Utilisateur\MyHospitsis\vendor\laravel\framework\src\Illuminate\Container\BoundMethod.php:96
C:\Users\Utilisateur\MyHospitsis\vendor\laravel\framework\src\Illuminate\Container\BoundMethod.php:35
C:\Users\Utilisateur\MyHospitsis\vendor\laravel\framework\src\Illuminate\Container\Container.php:799
C:\Users\Utilisateur\MyHospitsis\vendor\laravel\framework\src\Illuminate\Console\Command.php:211
C:\Users\Utilisateur\MyHospitsis\vendor\symfony\console\Command\Command.php:341
C:\Users\Utilisateur\MyHospitsis\vendor\laravel\framework\src\Illuminate\Console\Command.php:180
C:\Users\Utilisateur\MyHospitsis\vendor\symfony\console\Application.php:1079
C:\Users\Utilisateur\MyHospitsis\vendor\symfony\console\Application.php:356
C:\Users\Utilisateur\MyHospitsis\vendor\symfony\console\Application.php:195
C:\Users\Utilisateur\MyHospitsis\vendor\laravel\framework\src\Illuminate\Console\Application.php:165
C:\Users\Utilisateur\MyHospitsis\vendor\laravel\framework\src\Illuminate\Foundation\Console\Kernel.php:447
C:\Users\Utilisateur\MyHospitsis\vendor\laravel\framework\src\Illuminate\Testing\PendingCommand.php:451
C:\Users\Utilisateur\MyHospitsis\vendor\laravel\framework\src\Illuminate\Testing\PendingCommand.php:675
C:\Users\Utilisateur\MyHospitsis\vendor\laravel\framework\src\Illuminate\Foundation\Testing\Concerns\InteractsWithConsole.php:87
C:\Users\Utilisateur\MyHospitsis\vendor\laravel\framework\src\Illuminate\Foundation\Testing\RefreshDatabase.php:119
C:\Users\Utilisateur\MyHospitsis\vendor\laravel\framework\src\Illuminate\Foundation\Testing\RefreshDatabase.php:84
C:\Users\Utilisateur\MyHospitsis\vendor\laravel\framework\src\Illuminate\Foundation\Testing\RefreshDatabase.php:25
C:\Users\Utilisateur\MyHospitsis\vendor\laravel\framework\src\Illuminate\Foundation\Testing\Concerns\InteractsWithTestCaseLifecycle.php:217
C:\Users\Utilisateur\MyHospitsis\vendor\laravel\framework\src\Illuminate\Foundation\Testing\Concerns\InteractsWithTestCaseLifecycle.php:101
C:\Users\Utilisateur\MyHospitsis\vendor\laravel\framework\src\Illuminate\Foundation\Testing\TestCase.php:63
C:\Users\Utilisateur\MyHospitsis\tests\Feature\UserFilteringTest.php:20

2) Tests\Feature\UserFilteringTest::test_users_are_filtered_by_support_pole
Illuminate\Database\QueryException: SQLSTATE[HY000]: General error: 1 near "MODIFY": syntax error (Connection: sqlite, Database: :memory:, SQL: ALTER TABLE appointments MODIFY COLUMN status ENUM('scheduled', 'confirmed', 'cancelled', 'completed', 'prepared', 'pending_payment', 'paid', 'released', 'pending') DEFAULT 'scheduled')

C:\Users\Utilisateur\MyHospitsis\vendor\laravel\framework\src\Illuminate\Database\Connection.php:838
C:\Users\Utilisateur\MyHospitsis\vendor\laravel\framework\src\Illuminate\Database\Connection.php:794
C:\Users\Utilisateur\MyHospitsis\vendor\laravel\framework\src\Illuminate\Database\Connection.php:573
C:\Users\Utilisateur\MyHospitsis\vendor\laravel\framework\src\Illuminate\Database\DatabaseManager.php:491
C:\Users\Utilisateur\MyHospitsis\vendor\laravel\framework\src\Illuminate\Support\Facades\Facade.php:363
C:\Users\Utilisateur\MyHospitsis\database\migrations\2026_01_22_000002_add_pending_to_appointments_status_enum.php:16
C:\Users\Utilisateur\MyHospitsis\vendor\laravel\framework\src\Illuminate\Database\Migrations\Migrator.php:517
C:\Users\Utilisateur\MyHospitsis\vendor\laravel\framework\src\Illuminate\Database\Migrations\Migrator.php:442
C:\Users\Utilisateur\MyHospitsis\vendor\laravel\framework\src\Illuminate\Database\Migrations\Migrator.php:451
C:\Users\Utilisateur\MyHospitsis\vendor\laravel\framework\src\Illuminate\Database\Migrations\Migrator.php:253
C:\Users\Utilisateur\MyHospitsis\vendor\laravel\framework\src\Illuminate\Console\View\Components\Task.php:41
C:\Users\Utilisateur\MyHospitsis\vendor\laravel\framework\src\Illuminate\Database\Migrations\Migrator.php:812
C:\Users\Utilisateur\MyHospitsis\vendor\laravel\framework\src\Illuminate\Database\Migrations\Migrator.php:253
C:\Users\Utilisateur\MyHospitsis\vendor\laravel\framework\src\Illuminate\Database\Migrations\Migrator.php:211
C:\Users\Utilisateur\MyHospitsis\vendor\laravel\framework\src\Illuminate\Database\Migrations\Migrator.php:138
C:\Users\Utilisateur\MyHospitsis\vendor\laravel\framework\src\Illuminate\Database\Console\Migrations\MigrateCommand.php:116
C:\Users\Utilisateur\MyHospitsis\vendor\laravel\framework\src\Illuminate\Database\Migrations\Migrator.php:669
C:\Users\Utilisateur\MyHospitsis\vendor\laravel\framework\src\Illuminate\Database\Console\Migrations\MigrateCommand.php:109
C:\Users\Utilisateur\MyHospitsis\vendor\laravel\framework\src\Illuminate\Database\Console\Migrations\MigrateCommand.php:88
C:\Users\Utilisateur\MyHospitsis\vendor\laravel\framework\src\Illuminate\Container\BoundMethod.php:36
C:\Users\Utilisateur\MyHospitsis\vendor\laravel\framework\src\Illuminate\Container\Util.php:43
C:\Users\Utilisateur\MyHospitsis\vendor\laravel\framework\src\Illuminate\Container\BoundMethod.php:96
C:\Users\Utilisateur\MyHospitsis\vendor\laravel\framework\src\Illuminate\Container\BoundMethod.php:35
C:\Users\Utilisateur\MyHospitsis\vendor\laravel\framework\src\Illuminate\Container\Container.php:799
C:\Users\Utilisateur\MyHospitsis\vendor\laravel\framework\src\Illuminate\Console\Command.php:211
C:\Users\Utilisateur\MyHospitsis\vendor\symfony\console\Command\Command.php:341
C:\Users\Utilisateur\MyHospitsis\vendor\laravel\framework\src\Illuminate\Console\Command.php:180
C:\Users\Utilisateur\MyHospitsis\vendor\laravel\framework\src\Illuminate\Console\Concerns\CallsCommands.php:68
C:\Users\Utilisateur\MyHospitsis\vendor\laravel\framework\src\Illuminate\Console\Concerns\CallsCommands.php:29
C:\Users\Utilisateur\MyHospitsis\vendor\laravel\framework\src\Illuminate\Database\Console\Migrations\FreshCommand.php:81
C:\Users\Utilisateur\MyHospitsis\vendor\laravel\framework\src\Illuminate\Container\BoundMethod.php:36
C:\Users\Utilisateur\MyHospitsis\vendor\laravel\framework\src\Illuminate\Container\Util.php:43
C:\Users\Utilisateur\MyHospitsis\vendor\laravel\framework\src\Illuminate\Container\BoundMethod.php:96
C:\Users\Utilisateur\MyHospitsis\vendor\laravel\framework\src\Illuminate\Container\BoundMethod.php:35
C:\Users\Utilisateur\MyHospitsis\vendor\laravel\framework\src\Illuminate\Container\Container.php:799
C:\Users\Utilisateur\MyHospitsis\vendor\laravel\framework\src\Illuminate\Console\Command.php:211
C:\Users\Utilisateur\MyHospitsis\vendor\symfony\console\Command\Command.php:341
C:\Users\Utilisateur\MyHospitsis\vendor\laravel\framework\src\Illuminate\Console\Command.php:180
C:\Users\Utilisateur\MyHospitsis\vendor\symfony\console\Application.php:1079
C:\Users\Utilisateur\MyHospitsis\vendor\symfony\console\Application.php:356
C:\Users\Utilisateur\MyHospitsis\vendor\symfony\console\Application.php:195
C:\Users\Utilisateur\MyHospitsis\vendor\laravel\framework\src\Illuminate\Console\Application.php:165
C:\Users\Utilisateur\MyHospitsis\vendor\laravel\framework\src\Illuminate\Foundation\Console\Kernel.php:447
C:\Users\Utilisateur\MyHospitsis\vendor\laravel\framework\src\Illuminate\Testing\PendingCommand.php:451
C:\Users\Utilisateur\MyHospitsis\vendor\laravel\framework\src\Illuminate\Testing\PendingCommand.php:675
C:\Users\Utilisateur\MyHospitsis\vendor\laravel\framework\src\Illuminate\Foundation\Testing\Concerns\InteractsWithConsole.php:87
C:\Users\Utilisateur\MyHospitsis\vendor\laravel\framework\src\Illuminate\Foundation\Testing\RefreshDatabase.php:119
C:\Users\Utilisateur\MyHospitsis\vendor\laravel\framework\src\Illuminate\Foundation\Testing\RefreshDatabase.php:84
C:\Users\Utilisateur\MyHospitsis\vendor\laravel\framework\src\Illuminate\Foundation\Testing\RefreshDatabase.php:25
C:\Users\Utilisateur\MyHospitsis\vendor\laravel\framework\src\Illuminate\Foundation\Testing\Concerns\InteractsWithTestCaseLifecycle.php:217
C:\Users\Utilisateur\MyHospitsis\vendor\laravel\framework\src\Illuminate\Foundation\Testing\Concerns\InteractsWithTestCaseLifecycle.php:101
C:\Users\Utilisateur\MyHospitsis\vendor\laravel\framework\src\Illuminate\Foundation\Testing\TestCase.php:63
C:\Users\Utilisateur\MyHospitsis\tests\Feature\UserFilteringTest.php:20

Caused by
PDOException: SQLSTATE[HY000]: General error: 1 near "MODIFY": syntax error

C:\Users\Utilisateur\MyHospitsis\vendor\laravel\framework\src\Illuminate\Database\Connection.php:578
C:\Users\Utilisateur\MyHospitsis\vendor\laravel\framework\src\Illuminate\Database\Connection.php:827
C:\Users\Utilisateur\MyHospitsis\vendor\laravel\framework\src\Illuminate\Database\Connection.php:794
C:\Users\Utilisateur\MyHospitsis\vendor\laravel\framework\src\Illuminate\Database\Connection.php:573
C:\Users\Utilisateur\MyHospitsis\vendor\laravel\framework\src\Illuminate\Database\DatabaseManager.php:491
C:\Users\Utilisateur\MyHospitsis\vendor\laravel\framework\src\Illuminate\Support\Facades\Facade.php:363
C:\Users\Utilisateur\MyHospitsis\database\migrations\2026_01_22_000002_add_pending_to_appointments_status_enum.php:16
C:\Users\Utilisateur\MyHospitsis\vendor\laravel\framework\src\Illuminate\Database\Migrations\Migrator.php:517
C:\Users\Utilisateur\MyHospitsis\vendor\laravel\framework\src\Illuminate\Database\Migrations\Migrator.php:442
C:\Users\Utilisateur\MyHospitsis\vendor\laravel\framework\src\Illuminate\Database\Migrations\Migrator.php:451
C:\Users\Utilisateur\MyHospitsis\vendor\laravel\framework\src\Illuminate\Database\Migrations\Migrator.php:253
C:\Users\Utilisateur\MyHospitsis\vendor\laravel\framework\src\Illuminate\Console\View\Components\Task.php:41
C:\Users\Utilisateur\MyHospitsis\vendor\laravel\framework\src\Illuminate\Database\Migrations\Migrator.php:812
C:\Users\Utilisateur\MyHospitsis\vendor\laravel\framework\src\Illuminate\Database\Migrations\Migrator.php:253
C:\Users\Utilisateur\MyHospitsis\vendor\laravel\framework\src\Illuminate\Database\Migrations\Migrator.php:211
C:\Users\Utilisateur\MyHospitsis\vendor\laravel\framework\src\Illuminate\Database\Migrations\Migrator.php:138
C:\Users\Utilisateur\MyHospitsis\vendor\laravel\framework\src\Illuminate\Database\Console\Migrations\MigrateCommand.php:116
C:\Users\Utilisateur\MyHospitsis\vendor\laravel\framework\src\Illuminate\Database\Migrations\Migrator.php:669
C:\Users\Utilisateur\MyHospitsis\vendor\laravel\framework\src\Illuminate\Database\Console\Migrations\MigrateCommand.php:109
C:\Users\Utilisateur\MyHospitsis\vendor\laravel\framework\src\Illuminate\Database\Console\Migrations\MigrateCommand.php:88
C:\Users\Utilisateur\MyHospitsis\vendor\laravel\framework\src\Illuminate\Container\BoundMethod.php:36
C:\Users\Utilisateur\MyHospitsis\vendor\laravel\framework\src\Illuminate\Container\Util.php:43
C:\Users\Utilisateur\MyHospitsis\vendor\laravel\framework\src\Illuminate\Container\BoundMethod.php:96
C:\Users\Utilisateur\MyHospitsis\vendor\laravel\framework\src\Illuminate\Container\BoundMethod.php:35
C:\Users\Utilisateur\MyHospitsis\vendor\laravel\framework\src\Illuminate\Container\Container.php:799
C:\Users\Utilisateur\MyHospitsis\vendor\laravel\framework\src\Illuminate\Console\Command.php:211
C:\Users\Utilisateur\MyHospitsis\vendor\symfony\console\Command\Command.php:341
C:\Users\Utilisateur\MyHospitsis\vendor\laravel\framework\src\Illuminate\Console\Command.php:180
C:\Users\Utilisateur\MyHospitsis\vendor\laravel\framework\src\Illuminate\Console\Concerns\CallsCommands.php:68
C:\Users\Utilisateur\MyHospitsis\vendor\laravel\framework\src\Illuminate\Console\Concerns\CallsCommands.php:29
C:\Users\Utilisateur\MyHospitsis\vendor\laravel\framework\src\Illuminate\Database\Console\Migrations\FreshCommand.php:81
C:\Users\Utilisateur\MyHospitsis\vendor\laravel\framework\src\Illuminate\Container\BoundMethod.php:36
C:\Users\Utilisateur\MyHospitsis\vendor\laravel\framework\src\Illuminate\Container\Util.php:43
C:\Users\Utilisateur\MyHospitsis\vendor\laravel\framework\src\Illuminate\Container\BoundMethod.php:96
C:\Users\Utilisateur\MyHospitsis\vendor\laravel\framework\src\Illuminate\Container\BoundMethod.php:35
C:\Users\Utilisateur\MyHospitsis\vendor\laravel\framework\src\Illuminate\Container\Container.php:799
C:\Users\Utilisateur\MyHospitsis\vendor\laravel\framework\src\Illuminate\Console\Command.php:211
C:\Users\Utilisateur\MyHospitsis\vendor\symfony\console\Command\Command.php:341
C:\Users\Utilisateur\MyHospitsis\vendor\laravel\framework\src\Illuminate\Console\Command.php:180
C:\Users\Utilisateur\MyHospitsis\vendor\symfony\console\Application.php:1079
C:\Users\Utilisateur\MyHospitsis\vendor\symfony\console\Application.php:356
C:\Users\Utilisateur\MyHospitsis\vendor\symfony\console\Application.php:195
C:\Users\Utilisateur\MyHospitsis\vendor\laravel\framework\src\Illuminate\Console\Application.php:165
C:\Users\Utilisateur\MyHospitsis\vendor\laravel\framework\src\Illuminate\Foundation\Console\Kernel.php:447
C:\Users\Utilisateur\MyHospitsis\vendor\laravel\framework\src\Illuminate\Testing\PendingCommand.php:451
C:\Users\Utilisateur\MyHospitsis\vendor\laravel\framework\src\Illuminate\Testing\PendingCommand.php:675
C:\Users\Utilisateur\MyHospitsis\vendor\laravel\framework\src\Illuminate\Foundation\Testing\Concerns\InteractsWithConsole.php:87
C:\Users\Utilisateur\MyHospitsis\vendor\laravel\framework\src\Illuminate\Foundation\Testing\RefreshDatabase.php:119
C:\Users\Utilisateur\MyHospitsis\vendor\laravel\framework\src\Illuminate\Foundation\Testing\RefreshDatabase.php:84
C:\Users\Utilisateur\MyHospitsis\vendor\laravel\framework\src\Illuminate\Foundation\Testing\RefreshDatabase.php:25
C:\Users\Utilisateur\MyHospitsis\vendor\laravel\framework\src\Illuminate\Foundation\Testing\Concerns\InteractsWithTestCaseLifecycle.php:217
C:\Users\Utilisateur\MyHospitsis\vendor\laravel\framework\src\Illuminate\Foundation\Testing\Concerns\InteractsWithTestCaseLifecycle.php:101
C:\Users\Utilisateur\MyHospitsis\vendor\laravel\framework\src\Illuminate\Foundation\Testing\TestCase.php:63
C:\Users\Utilisateur\MyHospitsis\tests\Feature\UserFilteringTest.php:20

ERRORS!
Tests: 2, Assertions: 0, Errors: 2.
